// Jest Snapshot v1, https://goo.gl/fbAQLP

exports[`generate 1`] = `
"- test:
    describe: 获取模型
    units:
      - describe: 获取模型-成功
        include: getModel
        req:
          headers:
            X-ORG-ID: 32432
          params:
            id: 32234
          query:
            pageSize: 10
            pageNo: 1
          body:
            integer: 32
            number: 16.23
            bool: true
            'null': null
            array:
              - '1'
              - '2'
            object:
              foo: 3
        res:
          status: 200
          body:
            integer: 32
            number: 16.23
            bool: true
            'null': null
            array:
              - foo: 1
              - bar: 2
            object:
              password: a234324
      - describe: 获取模型-失败
        include: getModel
        metadata:
          skip: true
  define:
    getModel:
      method: get
      url: '/model/{id}'
"
`;
